---
source: src/tests/mod.rs
assertion_line: 106
expression: result
extension: xlsx
snapshot_kind: binary
---
