---
source: src/tests.rs
assertion_line: 38
expression: result
extension: xlsx
snapshot_kind: binary
---
