---
source: src/tests.rs
assertion_line: 24
expression: snapshot
---
ExcelData:
  - ExcelRowData:
    - ExcelColumnData:
      key: name
      value: Tom
    - ExcelColumnData:
      key: age
      value: 3
    - ExcelColumnData:
      key: category
      value: Cat
    - ExcelColumnData:
      key: birth
      value: 1640995200
  - ExcelRowData:
    - ExcelColumnData:
      key: name
      value: Jerry
    - ExcelColumnData:
      key: age
      value: 1
    - ExcelColumnData:
      key: category
      value: Mouse
    - ExcelColumnData:
      key: birth
      value: 1706832000
