---
source: src/tests.rs
assertion_line: 54
expression: result
extension: xlsx
snapshot_kind: binary
---
